[      62ms] [WARNING] An iframe which has both allow-scripts and allow-same-origin for its sandbox attribute can escape its sandboxing. @ about:blank:0
[     331ms] [VERBOSE] [DOM] Password field is not contained in a form: (More info: https://goo.gl/9p2vKq) @ http://localhost:7777/#models:0
[     331ms] [VERBOSE] [DOM] Password field is not contained in a form: (More info: https://goo.gl/9p2vKq) %o @ http://localhost:7777/#models:0
[     332ms] [VERBOSE] [DOM] Password field is not contained in a form: (More info: https://goo.gl/9p2vKq) @ http://localhost:7777/#models:0
[     332ms] [VERBOSE] [DOM] Password field is not contained in a form: (More info: https://goo.gl/9p2vKq) %o @ http://localhost:7777/#models:0
[     332ms] [VERBOSE] [DOM] Password field is not contained in a form: (More info: https://goo.gl/9p2vKq) %o @ http://localhost:7777/#models:0
[     332ms] [VERBOSE] [DOM] Password field is not contained in a form: (More info: https://goo.gl/9p2vKq) %o @ http://localhost:7777/#models:0
[  691942ms] [WARNING] An iframe which has both allow-scripts and allow-same-origin for its sandbox attribute can escape its sandboxing. @ about:blank:0
[ 4013311ms] [ERROR] Failed to load resource: net::ERR_CONNECTION_REFUSED @ http://localhost:7777/api/chat/poll?user_id=unv5zell2nt&since_id=0:0
[ 4013425ms] [ERROR] Failed to load resource: net::ERR_CONNECTION_REFUSED @ http://localhost:7777/api/whatsapp/status:0
[ 4014517ms] [ERROR] Failed to load resource: net::ERR_CONNECTION_REFUSED @ http://localhost:7777/api/chat/poll?user_id=unv5zell2nt&since_id=0:0
[ 4014518ms] [ERROR] Failed to load resource: net::ERR_CONNECTION_REFUSED @ http://localhost:7777/api/stats:0
[ 4015711ms] [ERROR] Failed to load resource: net::ERR_CONNECTION_REFUSED @ http://localhost:7777/api/chat/poll?user_id=unv5zell2nt&since_id=0:0
[ 4015933ms] [ERROR] Failed to load resource: net::ERR_CONNECTION_REFUSED @ http://localhost:7777/api/whatsapp/status:0
[ 4016911ms] [ERROR] Failed to load resource: net::ERR_CONNECTION_REFUSED @ http://localhost:7777/api/chat/poll?user_id=unv5zell2nt&since_id=0:0
[ 4018112ms] [ERROR] Failed to load resource: net::ERR_CONNECTION_REFUSED @ http://localhost:7777/api/chat/poll?user_id=unv5zell2nt&since_id=0:0
[ 4018430ms] [ERROR] Failed to load resource: net::ERR_CONNECTION_REFUSED @ http://localhost:7777/api/whatsapp/status:0
[ 4019318ms] [ERROR] Failed to load resource: net::ERR_CONNECTION_REFUSED @ http://localhost:7777/api/chat/poll?user_id=unv5zell2nt&since_id=0:0
[ 4019525ms] [ERROR] Failed to load resource: net::ERR_CONNECTION_REFUSED @ http://localhost:7777/api/stats:0
[ 4020510ms] [ERROR] Failed to load resource: net::ERR_CONNECTION_REFUSED @ http://localhost:7777/api/chat/poll?user_id=unv5zell2nt&since_id=0:0
[ 4020931ms] [ERROR] Failed to load resource: net::ERR_CONNECTION_REFUSED @ http://localhost:7777/api/whatsapp/status:0
[ 4021713ms] [ERROR] Failed to load resource: net::ERR_CONNECTION_REFUSED @ http://localhost:7777/api/chat/poll?user_id=unv5zell2nt&since_id=0:0
[ 4022914ms] [ERROR] Failed to load resource: net::ERR_CONNECTION_REFUSED @ http://localhost:7777/api/chat/poll?user_id=unv5zell2nt&since_id=0:0
[ 4023439ms] [ERROR] Failed to load resource: net::ERR_CONNECTION_REFUSED @ http://localhost:7777/api/whatsapp/status:0
[ 4024115ms] [ERROR] Failed to load resource: net::ERR_CONNECTION_REFUSED @ http://localhost:7777/api/chat/poll?user_id=unv5zell2nt&since_id=0:0
[ 4025310ms] [ERROR] Failed to load resource: net::ERR_CONNECTION_REFUSED @ http://localhost:7777/api/chat/poll?user_id=unv5zell2nt&since_id=0:0
[ 4025929ms] [ERROR] Failed to load resource: net::ERR_CONNECTION_REFUSED @ http://localhost:7777/api/whatsapp/status:0
[ 4026514ms] [ERROR] Failed to load resource: net::ERR_CONNECTION_REFUSED @ http://localhost:7777/api/chat/poll?user_id=unv5zell2nt&since_id=0:0
[ 4027711ms] [ERROR] Failed to load resource: net::ERR_CONNECTION_REFUSED @ http://localhost:7777/api/chat/poll?user_id=unv5zell2nt&since_id=0:0
[ 4028426ms] [ERROR] Failed to load resource: net::ERR_CONNECTION_REFUSED @ http://localhost:7777/api/whatsapp/status:0
[ 4028915ms] [ERROR] Failed to load resource: net::ERR_CONNECTION_REFUSED @ http://localhost:7777/api/chat/poll?user_id=unv5zell2nt&since_id=0:0
[ 4029532ms] [ERROR] Failed to load resource: net::ERR_CONNECTION_REFUSED @ http://localhost:7777/api/stats:0
[ 4030112ms] [ERROR] Failed to load resource: net::ERR_CONNECTION_REFUSED @ http://localhost:7777/api/chat/poll?user_id=unv5zell2nt&since_id=0:0
[ 4030929ms] [ERROR] Failed to load resource: net::ERR_CONNECTION_REFUSED @ http://localhost:7777/api/whatsapp/status:0
[ 4031315ms] [ERROR] Failed to load resource: net::ERR_CONNECTION_REFUSED @ http://localhost:7777/api/chat/poll?user_id=unv5zell2nt&since_id=0:0
[ 4032511ms] [ERROR] Failed to load resource: net::ERR_CONNECTION_REFUSED @ http://localhost:7777/api/chat/poll?user_id=unv5zell2nt&since_id=0:0
[ 4033427ms] [ERROR] Failed to load resource: net::ERR_CONNECTION_REFUSED @ http://localhost:7777/api/whatsapp/status:0
[ 4033712ms] [ERROR] Failed to load resource: net::ERR_CONNECTION_REFUSED @ http://localhost:7777/api/chat/poll?user_id=unv5zell2nt&since_id=0:0
[ 4034921ms] [ERROR] Failed to load resource: net::ERR_CONNECTION_REFUSED @ http://localhost:7777/api/chat/poll?user_id=unv5zell2nt&since_id=0:0
[ 4035929ms] [ERROR] Failed to load resource: net::ERR_CONNECTION_REFUSED @ http://localhost:7777/api/whatsapp/status:0
[ 4036121ms] [ERROR] Failed to load resource: net::ERR_CONNECTION_REFUSED @ http://localhost:7777/api/chat/poll?user_id=unv5zell2nt&since_id=0:0
[ 4037316ms] [ERROR] Failed to load resource: net::ERR_CONNECTION_REFUSED @ http://localhost:7777/api/chat/poll?user_id=unv5zell2nt&since_id=0:0
[ 4038427ms] [ERROR] Failed to load resource: net::ERR_CONNECTION_REFUSED @ http://localhost:7777/api/whatsapp/status:0
[ 4038518ms] [ERROR] Failed to load resource: net::ERR_CONNECTION_REFUSED @ http://localhost:7777/api/chat/poll?user_id=unv5zell2nt&since_id=0:0
[ 4039718ms] [ERROR] Failed to load resource: net::ERR_CONNECTION_REFUSED @ http://localhost:7777/api/chat/poll?user_id=unv5zell2nt&since_id=0:0
[ 4040913ms] [ERROR] Failed to load resource: net::ERR_CONNECTION_REFUSED @ http://localhost:7777/api/chat/poll?user_id=unv5zell2nt&since_id=0:0
[ 4040926ms] [ERROR] Failed to load resource: net::ERR_CONNECTION_REFUSED @ http://localhost:7777/api/whatsapp/status:0
[ 4042115ms] [ERROR] Failed to load resource: net::ERR_CONNECTION_REFUSED @ http://localhost:7777/api/chat/poll?user_id=unv5zell2nt&since_id=0:0
[ 4043413ms] [ERROR] Failed to load resource: net::ERR_CONNECTION_REFUSED @ http://localhost:7777/api/chat/poll?user_id=unv5zell2nt&since_id=0:0
[ 4043439ms] [ERROR] Failed to load resource: net::ERR_CONNECTION_REFUSED @ http://localhost:7777/api/whatsapp/status:0
[ 4044762ms] [ERROR] Failed to load resource: net::ERR_CONNECTION_REFUSED @ http://localhost:7777/api/chat/poll?user_id=unv5zell2nt&since_id=0:0
[ 4045716ms] [ERROR] Failed to load resource: net::ERR_CONNECTION_REFUSED @ http://localhost:7777/api/chat/poll?user_id=unv5zell2nt&since_id=0:0
[ 4045933ms] [ERROR] Failed to load resource: net::ERR_CONNECTION_REFUSED @ http://localhost:7777/api/whatsapp/status:0
[ 7725059ms] [ERROR] Failed to load resource: net::ERR_NETWORK_CHANGED @ https://api.qrserver.com/v1/create-qr-code/?size=256x256&margin=8&data=2%40715kkcw7E%2FnGlnnSQ2A3ua6DN8tpdmCYEqo3rfYw2MS6CSBfViOPZLH3Zo7trktWojjIi8uMF86UGA%3D%3D%2C5BS0PcEks6FGk7fkd53GRWn0MkE9QK2txnPCQovzsSc%3D%2Cfq9PI%2Frq7yAoO1J8ovxPVMOIxuBfigq0nr3AA87LDWs%3D%2CNcq0VS4NG%2BpsMWuEG3UcUr6eGU4MuhLWZHRWqoh8NDE%3D:0
[ 7728316ms] [ERROR] Failed to load resource: net::ERR_INTERNET_DISCONNECTED @ https://api.qrserver.com/v1/create-qr-code/?size=256x256&margin=8&data=2%40715kkcw7E%2FnGlnnSQ2A3ua6DN8tpdmCYEqo3rfYw2MS6CSBfViOPZLH3Zo7trktWojjIi8uMF86UGA%3D%3D%2C5BS0PcEks6FGk7fkd53GRWn0MkE9QK2txnPCQovzsSc%3D%2Cfq9PI%2Frq7yAoO1J8ovxPVMOIxuBfigq0nr3AA87LDWs%3D%2CNcq0VS4NG%2BpsMWuEG3UcUr6eGU4MuhLWZHRWqoh8NDE%3D:0
[ 7728766ms] [ERROR] Failed to load resource: net::ERR_INTERNET_DISCONNECTED @ https://api.qrserver.com/v1/create-qr-code/?size=256x256&margin=8&data=2%40715kkcw7E%2FnGlnnSQ2A3ua6DN8tpdmCYEqo3rfYw2MS6CSBfViOPZLH3Zo7trktWojjIi8uMF86UGA%3D%3D%2C5BS0PcEks6FGk7fkd53GRWn0MkE9QK2txnPCQovzsSc%3D%2Cfq9PI%2Frq7yAoO1J8ovxPVMOIxuBfigq0nr3AA87LDWs%3D%2CNcq0VS4NG%2BpsMWuEG3UcUr6eGU4MuhLWZHRWqoh8NDE%3D:0
[ 7730937ms] [ERROR] Failed to load resource: net::ERR_INTERNET_DISCONNECTED @ https://api.qrserver.com/v1/create-qr-code/?size=256x256&margin=8&data=2%40715kkcw7E%2FnGlnnSQ2A3ua6DN8tpdmCYEqo3rfYw2MS6CSBfViOPZLH3Zo7trktWojjIi8uMF86UGA%3D%3D%2C5BS0PcEks6FGk7fkd53GRWn0MkE9QK2txnPCQovzsSc%3D%2Cfq9PI%2Frq7yAoO1J8ovxPVMOIxuBfigq0nr3AA87LDWs%3D%2CNcq0VS4NG%2BpsMWuEG3UcUr6eGU4MuhLWZHRWqoh8NDE%3D:0
[ 8429921ms] [ERROR] Failed to load resource: net::ERR_INTERNET_DISCONNECTED @ https://api.qrserver.com/v1/create-qr-code/?size=256x256&margin=8&data=2%40715kkcw7E%2FnGlnnSQ2A3ua6DN8tpdmCYEqo3rfYw2MS6CSBfViOPZLH3Zo7trktWojjIi8uMF86UGA%3D%3D%2C5BS0PcEks6FGk7fkd53GRWn0MkE9QK2txnPCQovzsSc%3D%2Cfq9PI%2Frq7yAoO1J8ovxPVMOIxuBfigq0nr3AA87LDWs%3D%2CNcq0VS4NG%2BpsMWuEG3UcUr6eGU4MuhLWZHRWqoh8NDE%3D:0
[ 8431884ms] [ERROR] Failed to load resource: net::ERR_INTERNET_DISCONNECTED @ https://api.qrserver.com/v1/create-qr-code/?size=256x256&margin=8&data=2%40715kkcw7E%2FnGlnnSQ2A3ua6DN8tpdmCYEqo3rfYw2MS6CSBfViOPZLH3Zo7trktWojjIi8uMF86UGA%3D%3D%2C5BS0PcEks6FGk7fkd53GRWn0MkE9QK2txnPCQovzsSc%3D%2Cfq9PI%2Frq7yAoO1J8ovxPVMOIxuBfigq0nr3AA87LDWs%3D%2CNcq0VS4NG%2BpsMWuEG3UcUr6eGU4MuhLWZHRWqoh8NDE%3D:0
[ 8434344ms] [ERROR] Failed to load resource: net::ERR_INTERNET_DISCONNECTED @ https://api.qrserver.com/v1/create-qr-code/?size=256x256&margin=8&data=2%40715kkcw7E%2FnGlnnSQ2A3ua6DN8tpdmCYEqo3rfYw2MS6CSBfViOPZLH3Zo7trktWojjIi8uMF86UGA%3D%3D%2C5BS0PcEks6FGk7fkd53GRWn0MkE9QK2txnPCQovzsSc%3D%2Cfq9PI%2Frq7yAoO1J8ovxPVMOIxuBfigq0nr3AA87LDWs%3D%2CNcq0VS4NG%2BpsMWuEG3UcUr6eGU4MuhLWZHRWqoh8NDE%3D:0
[ 8436848ms] [ERROR] Failed to load resource: net::ERR_INTERNET_DISCONNECTED @ https://api.qrserver.com/v1/create-qr-code/?size=256x256&margin=8&data=2%40715kkcw7E%2FnGlnnSQ2A3ua6DN8tpdmCYEqo3rfYw2MS6CSBfViOPZLH3Zo7trktWojjIi8uMF86UGA%3D%3D%2C5BS0PcEks6FGk7fkd53GRWn0MkE9QK2txnPCQovzsSc%3D%2Cfq9PI%2Frq7yAoO1J8ovxPVMOIxuBfigq0nr3AA87LDWs%3D%2CNcq0VS4NG%2BpsMWuEG3UcUr6eGU4MuhLWZHRWqoh8NDE%3D:0
[ 8439342ms] [ERROR] Failed to load resource: net::ERR_INTERNET_DISCONNECTED @ https://api.qrserver.com/v1/create-qr-code/?size=256x256&margin=8&data=2%40715kkcw7E%2FnGlnnSQ2A3ua6DN8tpdmCYEqo3rfYw2MS6CSBfViOPZLH3Zo7trktWojjIi8uMF86UGA%3D%3D%2C5BS0PcEks6FGk7fkd53GRWn0MkE9QK2txnPCQovzsSc%3D%2Cfq9PI%2Frq7yAoO1J8ovxPVMOIxuBfigq0nr3AA87LDWs%3D%2CNcq0VS4NG%2BpsMWuEG3UcUr6eGU4MuhLWZHRWqoh8NDE%3D:0
[ 8441803ms] [ERROR] Failed to load resource: net::ERR_INTERNET_DISCONNECTED @ https://api.qrserver.com/v1/create-qr-code/?size=256x256&margin=8&data=2%40715kkcw7E%2FnGlnnSQ2A3ua6DN8tpdmCYEqo3rfYw2MS6CSBfViOPZLH3Zo7trktWojjIi8uMF86UGA%3D%3D%2C5BS0PcEks6FGk7fkd53GRWn0MkE9QK2txnPCQovzsSc%3D%2Cfq9PI%2Frq7yAoO1J8ovxPVMOIxuBfigq0nr3AA87LDWs%3D%2CNcq0VS4NG%2BpsMWuEG3UcUr6eGU4MuhLWZHRWqoh8NDE%3D:0
[ 8444390ms] [ERROR] Failed to load resource: net::ERR_INTERNET_DISCONNECTED @ https://api.qrserver.com/v1/create-qr-code/?size=256x256&margin=8&data=2%40715kkcw7E%2FnGlnnSQ2A3ua6DN8tpdmCYEqo3rfYw2MS6CSBfViOPZLH3Zo7trktWojjIi8uMF86UGA%3D%3D%2C5BS0PcEks6FGk7fkd53GRWn0MkE9QK2txnPCQovzsSc%3D%2Cfq9PI%2Frq7yAoO1J8ovxPVMOIxuBfigq0nr3AA87LDWs%3D%2CNcq0VS4NG%2BpsMWuEG3UcUr6eGU4MuhLWZHRWqoh8NDE%3D:0
[ 8447012ms] [ERROR] Failed to load resource: net::ERR_INTERNET_DISCONNECTED @ https://api.qrserver.com/v1/create-qr-code/?size=256x256&margin=8&data=2%40715kkcw7E%2FnGlnnSQ2A3ua6DN8tpdmCYEqo3rfYw2MS6CSBfViOPZLH3Zo7trktWojjIi8uMF86UGA%3D%3D%2C5BS0PcEks6FGk7fkd53GRWn0MkE9QK2txnPCQovzsSc%3D%2Cfq9PI%2Frq7yAoO1J8ovxPVMOIxuBfigq0nr3AA87LDWs%3D%2CNcq0VS4NG%2BpsMWuEG3UcUr6eGU4MuhLWZHRWqoh8NDE%3D:0
[ 8451937ms] [ERROR] Failed to load resource: net::ERR_INTERNET_DISCONNECTED @ https://api.qrserver.com/v1/create-qr-code/?size=256x256&margin=8&data=2%40715kkcw7E%2FnGlnnSQ2A3ua6DN8tpdmCYEqo3rfYw2MS6CSBfViOPZLH3Zo7trktWojjIi8uMF86UGA%3D%3D%2C5BS0PcEks6FGk7fkd53GRWn0MkE9QK2txnPCQovzsSc%3D%2Cfq9PI%2Frq7yAoO1J8ovxPVMOIxuBfigq0nr3AA87LDWs%3D%2CNcq0VS4NG%2BpsMWuEG3UcUr6eGU4MuhLWZHRWqoh8NDE%3D:0
[ 8454340ms] [ERROR] Failed to load resource: net::ERR_INTERNET_DISCONNECTED @ https://api.qrserver.com/v1/create-qr-code/?size=256x256&margin=8&data=2%40715kkcw7E%2FnGlnnSQ2A3ua6DN8tpdmCYEqo3rfYw2MS6CSBfViOPZLH3Zo7trktWojjIi8uMF86UGA%3D%3D%2C5BS0PcEks6FGk7fkd53GRWn0MkE9QK2txnPCQovzsSc%3D%2Cfq9PI%2Frq7yAoO1J8ovxPVMOIxuBfigq0nr3AA87LDWs%3D%2CNcq0VS4NG%2BpsMWuEG3UcUr6eGU4MuhLWZHRWqoh8NDE%3D:0
[ 8456891ms] [ERROR] Failed to load resource: net::ERR_INTERNET_DISCONNECTED @ https://api.qrserver.com/v1/create-qr-code/?size=256x256&margin=8&data=2%40715kkcw7E%2FnGlnnSQ2A3ua6DN8tpdmCYEqo3rfYw2MS6CSBfViOPZLH3Zo7trktWojjIi8uMF86UGA%3D%3D%2C5BS0PcEks6FGk7fkd53GRWn0MkE9QK2txnPCQovzsSc%3D%2Cfq9PI%2Frq7yAoO1J8ovxPVMOIxuBfigq0nr3AA87LDWs%3D%2CNcq0VS4NG%2BpsMWuEG3UcUr6eGU4MuhLWZHRWqoh8NDE%3D:0
[ 8459310ms] [ERROR] Failed to load resource: net::ERR_INTERNET_DISCONNECTED @ https://api.qrserver.com/v1/create-qr-code/?size=256x256&margin=8&data=2%40715kkcw7E%2FnGlnnSQ2A3ua6DN8tpdmCYEqo3rfYw2MS6CSBfViOPZLH3Zo7trktWojjIi8uMF86UGA%3D%3D%2C5BS0PcEks6FGk7fkd53GRWn0MkE9QK2txnPCQovzsSc%3D%2Cfq9PI%2Frq7yAoO1J8ovxPVMOIxuBfigq0nr3AA87LDWs%3D%2CNcq0VS4NG%2BpsMWuEG3UcUr6eGU4MuhLWZHRWqoh8NDE%3D:0
[ 8461831ms] [ERROR] Failed to load resource: net::ERR_INTERNET_DISCONNECTED @ https://api.qrserver.com/v1/create-qr-code/?size=256x256&margin=8&data=2%40715kkcw7E%2FnGlnnSQ2A3ua6DN8tpdmCYEqo3rfYw2MS6CSBfViOPZLH3Zo7trktWojjIi8uMF86UGA%3D%3D%2C5BS0PcEks6FGk7fkd53GRWn0MkE9QK2txnPCQovzsSc%3D%2Cfq9PI%2Frq7yAoO1J8ovxPVMOIxuBfigq0nr3AA87LDWs%3D%2CNcq0VS4NG%2BpsMWuEG3UcUr6eGU4MuhLWZHRWqoh8NDE%3D:0
[ 8464341ms] [ERROR] Failed to load resource: net::ERR_INTERNET_DISCONNECTED @ https://api.qrserver.com/v1/create-qr-code/?size=256x256&margin=8&data=2%40715kkcw7E%2FnGlnnSQ2A3ua6DN8tpdmCYEqo3rfYw2MS6CSBfViOPZLH3Zo7trktWojjIi8uMF86UGA%3D%3D%2C5BS0PcEks6FGk7fkd53GRWn0MkE9QK2txnPCQovzsSc%3D%2Cfq9PI%2Frq7yAoO1J8ovxPVMOIxuBfigq0nr3AA87LDWs%3D%2CNcq0VS4NG%2BpsMWuEG3UcUr6eGU4MuhLWZHRWqoh8NDE%3D:0
[ 8466855ms] [ERROR] Failed to load resource: net::ERR_INTERNET_DISCONNECTED @ https://api.qrserver.com/v1/create-qr-code/?size=256x256&margin=8&data=2%40715kkcw7E%2FnGlnnSQ2A3ua6DN8tpdmCYEqo3rfYw2MS6CSBfViOPZLH3Zo7trktWojjIi8uMF86UGA%3D%3D%2C5BS0PcEks6FGk7fkd53GRWn0MkE9QK2txnPCQovzsSc%3D%2Cfq9PI%2Frq7yAoO1J8ovxPVMOIxuBfigq0nr3AA87LDWs%3D%2CNcq0VS4NG%2BpsMWuEG3UcUr6eGU4MuhLWZHRWqoh8NDE%3D:0
[ 8469307ms] [ERROR] Failed to load resource: net::ERR_INTERNET_DISCONNECTED @ https://api.qrserver.com/v1/create-qr-code/?size=256x256&margin=8&data=2%40715kkcw7E%2FnGlnnSQ2A3ua6DN8tpdmCYEqo3rfYw2MS6CSBfViOPZLH3Zo7trktWojjIi8uMF86UGA%3D%3D%2C5BS0PcEks6FGk7fkd53GRWn0MkE9QK2txnPCQovzsSc%3D%2Cfq9PI%2Frq7yAoO1J8ovxPVMOIxuBfigq0nr3AA87LDWs%3D%2CNcq0VS4NG%2BpsMWuEG3UcUr6eGU4MuhLWZHRWqoh8NDE%3D:0
[ 8471832ms] [ERROR] Failed to load resource: net::ERR_INTERNET_DISCONNECTED @ https://api.qrserver.com/v1/create-qr-code/?size=256x256&margin=8&data=2%40715kkcw7E%2FnGlnnSQ2A3ua6DN8tpdmCYEqo3rfYw2MS6CSBfViOPZLH3Zo7trktWojjIi8uMF86UGA%3D%3D%2C5BS0PcEks6FGk7fkd53GRWn0MkE9QK2txnPCQovzsSc%3D%2Cfq9PI%2Frq7yAoO1J8ovxPVMOIxuBfigq0nr3AA87LDWs%3D%2CNcq0VS4NG%2BpsMWuEG3UcUr6eGU4MuhLWZHRWqoh8NDE%3D:0
[ 8474330ms] [ERROR] Failed to load resource: net::ERR_INTERNET_DISCONNECTED @ https://api.qrserver.com/v1/create-qr-code/?size=256x256&margin=8&data=2%40715kkcw7E%2FnGlnnSQ2A3ua6DN8tpdmCYEqo3rfYw2MS6CSBfViOPZLH3Zo7trktWojjIi8uMF86UGA%3D%3D%2C5BS0PcEks6FGk7fkd53GRWn0MkE9QK2txnPCQovzsSc%3D%2Cfq9PI%2Frq7yAoO1J8ovxPVMOIxuBfigq0nr3AA87LDWs%3D%2CNcq0VS4NG%2BpsMWuEG3UcUr6eGU4MuhLWZHRWqoh8NDE%3D:0
[ 8476827ms] [ERROR] Failed to load resource: net::ERR_INTERNET_DISCONNECTED @ https://api.qrserver.com/v1/create-qr-code/?size=256x256&margin=8&data=2%40715kkcw7E%2FnGlnnSQ2A3ua6DN8tpdmCYEqo3rfYw2MS6CSBfViOPZLH3Zo7trktWojjIi8uMF86UGA%3D%3D%2C5BS0PcEks6FGk7fkd53GRWn0MkE9QK2txnPCQovzsSc%3D%2Cfq9PI%2Frq7yAoO1J8ovxPVMOIxuBfigq0nr3AA87LDWs%3D%2CNcq0VS4NG%2BpsMWuEG3UcUr6eGU4MuhLWZHRWqoh8NDE%3D:0
[ 8479338ms] [ERROR] Failed to load resource: net::ERR_INTERNET_DISCONNECTED @ https://api.qrserver.com/v1/create-qr-code/?size=256x256&margin=8&data=2%40715kkcw7E%2FnGlnnSQ2A3ua6DN8tpdmCYEqo3rfYw2MS6CSBfViOPZLH3Zo7trktWojjIi8uMF86UGA%3D%3D%2C5BS0PcEks6FGk7fkd53GRWn0MkE9QK2txnPCQovzsSc%3D%2Cfq9PI%2Frq7yAoO1J8ovxPVMOIxuBfigq0nr3AA87LDWs%3D%2CNcq0VS4NG%2BpsMWuEG3UcUr6eGU4MuhLWZHRWqoh8NDE%3D:0
[ 8482368ms] [ERROR] Failed to load resource: net::ERR_INTERNET_DISCONNECTED @ https://api.qrserver.com/v1/create-qr-code/?size=256x256&margin=8&data=2%40715kkcw7E%2FnGlnnSQ2A3ua6DN8tpdmCYEqo3rfYw2MS6CSBfViOPZLH3Zo7trktWojjIi8uMF86UGA%3D%3D%2C5BS0PcEks6FGk7fkd53GRWn0MkE9QK2txnPCQovzsSc%3D%2Cfq9PI%2Frq7yAoO1J8ovxPVMOIxuBfigq0nr3AA87LDWs%3D%2CNcq0VS4NG%2BpsMWuEG3UcUr6eGU4MuhLWZHRWqoh8NDE%3D:0
[ 8484326ms] [ERROR] Failed to load resource: net::ERR_INTERNET_DISCONNECTED @ https://api.qrserver.com/v1/create-qr-code/?size=256x256&margin=8&data=2%40715kkcw7E%2FnGlnnSQ2A3ua6DN8tpdmCYEqo3rfYw2MS6CSBfViOPZLH3Zo7trktWojjIi8uMF86UGA%3D%3D%2C5BS0PcEks6FGk7fkd53GRWn0MkE9QK2txnPCQovzsSc%3D%2Cfq9PI%2Frq7yAoO1J8ovxPVMOIxuBfigq0nr3AA87LDWs%3D%2CNcq0VS4NG%2BpsMWuEG3UcUr6eGU4MuhLWZHRWqoh8NDE%3D:0
[ 8487268ms] [ERROR] Failed to load resource: net::ERR_INTERNET_DISCONNECTED @ https://api.qrserver.com/v1/create-qr-code/?size=256x256&margin=8&data=2%40715kkcw7E%2FnGlnnSQ2A3ua6DN8tpdmCYEqo3rfYw2MS6CSBfViOPZLH3Zo7trktWojjIi8uMF86UGA%3D%3D%2C5BS0PcEks6FGk7fkd53GRWn0MkE9QK2txnPCQovzsSc%3D%2Cfq9PI%2Frq7yAoO1J8ovxPVMOIxuBfigq0nr3AA87LDWs%3D%2CNcq0VS4NG%2BpsMWuEG3UcUr6eGU4MuhLWZHRWqoh8NDE%3D:0
[ 8490872ms] [ERROR] Failed to load resource: net::ERR_INTERNET_DISCONNECTED @ https://api.qrserver.com/v1/create-qr-code/?size=256x256&margin=8&data=2%40715kkcw7E%2FnGlnnSQ2A3ua6DN8tpdmCYEqo3rfYw2MS6CSBfViOPZLH3Zo7trktWojjIi8uMF86UGA%3D%3D%2C5BS0PcEks6FGk7fkd53GRWn0MkE9QK2txnPCQovzsSc%3D%2Cfq9PI%2Frq7yAoO1J8ovxPVMOIxuBfigq0nr3AA87LDWs%3D%2CNcq0VS4NG%2BpsMWuEG3UcUr6eGU4MuhLWZHRWqoh8NDE%3D:0
[ 8492268ms] [ERROR] Failed to load resource: net::ERR_INTERNET_DISCONNECTED @ https://api.qrserver.com/v1/create-qr-code/?size=256x256&margin=8&data=2%40715kkcw7E%2FnGlnnSQ2A3ua6DN8tpdmCYEqo3rfYw2MS6CSBfViOPZLH3Zo7trktWojjIi8uMF86UGA%3D%3D%2C5BS0PcEks6FGk7fkd53GRWn0MkE9QK2txnPCQovzsSc%3D%2Cfq9PI%2Frq7yAoO1J8ovxPVMOIxuBfigq0nr3AA87LDWs%3D%2CNcq0VS4NG%2BpsMWuEG3UcUr6eGU4MuhLWZHRWqoh8NDE%3D:0
[ 8494332ms] [ERROR] Failed to load resource: net::ERR_INTERNET_DISCONNECTED @ https://api.qrserver.com/v1/create-qr-code/?size=256x256&margin=8&data=2%40715kkcw7E%2FnGlnnSQ2A3ua6DN8tpdmCYEqo3rfYw2MS6CSBfViOPZLH3Zo7trktWojjIi8uMF86UGA%3D%3D%2C5BS0PcEks6FGk7fkd53GRWn0MkE9QK2txnPCQovzsSc%3D%2Cfq9PI%2Frq7yAoO1J8ovxPVMOIxuBfigq0nr3AA87LDWs%3D%2CNcq0VS4NG%2BpsMWuEG3UcUr6eGU4MuhLWZHRWqoh8NDE%3D:0
[11064273ms] [ERROR] Failed to load resource: net::ERR_NETWORK_CHANGED @ https://api.qrserver.com/v1/create-qr-code/?size=256x256&margin=8&data=2%40K%2B2di%2FjAUf193yVDaJhfDeX2WpoDrE4leH5AhZME0hLRocT3vufrVGbDpG%2FA%2BCgKrX9Ea1oFyyNriABDKiWhPYQRWwc5L50n9nc%3D%2CymvliYvGqRuI9Mx4JFpfn5SIDJprD5702du5EowmgGI%3D%2CYRZK8Av1aUEEPRTZpWqrMHNzPsHzYwKQsDWcBTgm4VY%3D%2CKncDSwklOf34sNguxwkY6fMUwKVSZAEzLH4kWqUU66w%3D:0
[11064353ms] [ERROR] Failed to load resource: net::ERR_NETWORK_CHANGED @ http://localhost:7777/api/whatsapp/status:0
[11069444ms] [ERROR] Failed to load resource: net::ERR_INTERNET_DISCONNECTED @ https://api.qrserver.com/v1/create-qr-code/?size=256x256&margin=8&data=2%40K%2B2di%2FjAUf193yVDaJhfDeX2WpoDrE4leH5AhZME0hLRocT3vufrVGbDpG%2FA%2BCgKrX9Ea1oFyyNriABDKiWhPYQRWwc5L50n9nc%3D%2CymvliYvGqRuI9Mx4JFpfn5SIDJprD5702du5EowmgGI%3D%2CYRZK8Av1aUEEPRTZpWqrMHNzPsHzYwKQsDWcBTgm4VY%3D%2CKncDSwklOf34sNguxwkY6fMUwKVSZAEzLH4kWqUU66w%3D:0
[11076135ms] [ERROR] Failed to load resource: net::ERR_INTERNET_DISCONNECTED @ https://api.qrserver.com/v1/create-qr-code/?size=256x256&margin=8&data=2%40K%2B2di%2FjAUf193yVDaJhfDeX2WpoDrE4leH5AhZME0hLRocT3vufrVGbDpG%2FA%2BCgKrX9Ea1oFyyNriABDKiWhPYQRWwc5L50n9nc%3D%2CymvliYvGqRuI9Mx4JFpfn5SIDJprD5702du5EowmgGI%3D%2CYRZK8Av1aUEEPRTZpWqrMHNzPsHzYwKQsDWcBTgm4VY%3D%2CKncDSwklOf34sNguxwkY6fMUwKVSZAEzLH4kWqUU66w%3D:0
[11077831ms] [ERROR] Failed to load resource: net::ERR_INTERNET_DISCONNECTED @ https://api.qrserver.com/v1/create-qr-code/?size=256x256&margin=8&data=2%40K%2B2di%2FjAUf193yVDaJhfDeX2WpoDrE4leH5AhZME0hLRocT3vufrVGbDpG%2FA%2BCgKrX9Ea1oFyyNriABDKiWhPYQRWwc5L50n9nc%3D%2CymvliYvGqRuI9Mx4JFpfn5SIDJprD5702du5EowmgGI%3D%2CYRZK8Av1aUEEPRTZpWqrMHNzPsHzYwKQsDWcBTgm4VY%3D%2CKncDSwklOf34sNguxwkY6fMUwKVSZAEzLH4kWqUU66w%3D:0
[11080260ms] [ERROR] Failed to load resource: net::ERR_INTERNET_DISCONNECTED @ https://api.qrserver.com/v1/create-qr-code/?size=256x256&margin=8&data=2%40K%2B2di%2FjAUf193yVDaJhfDeX2WpoDrE4leH5AhZME0hLRocT3vufrVGbDpG%2FA%2BCgKrX9Ea1oFyyNriABDKiWhPYQRWwc5L50n9nc%3D%2CymvliYvGqRuI9Mx4JFpfn5SIDJprD5702du5EowmgGI%3D%2CYRZK8Av1aUEEPRTZpWqrMHNzPsHzYwKQsDWcBTgm4VY%3D%2CKncDSwklOf34sNguxwkY6fMUwKVSZAEzLH4kWqUU66w%3D:0
[11082767ms] [ERROR] Failed to load resource: net::ERR_INTERNET_DISCONNECTED @ https://api.qrserver.com/v1/create-qr-code/?size=256x256&margin=8&data=2%40K%2B2di%2FjAUf193yVDaJhfDeX2WpoDrE4leH5AhZME0hLRocT3vufrVGbDpG%2FA%2BCgKrX9Ea1oFyyNriABDKiWhPYQRWwc5L50n9nc%3D%2CymvliYvGqRuI9Mx4JFpfn5SIDJprD5702du5EowmgGI%3D%2CYRZK8Av1aUEEPRTZpWqrMHNzPsHzYwKQsDWcBTgm4VY%3D%2CKncDSwklOf34sNguxwkY6fMUwKVSZAEzLH4kWqUU66w%3D:0
[11086315ms] [ERROR] Failed to load resource: net::ERR_INTERNET_DISCONNECTED @ https://api.qrserver.com/v1/create-qr-code/?size=256x256&margin=8&data=2%40K%2B2di%2FjAUf193yVDaJhfDeX2WpoDrE4leH5AhZME0hLRocT3vufrVGbDpG%2FA%2BCgKrX9Ea1oFyyNriABDKiWhPYQRWwc5L50n9nc%3D%2CymvliYvGqRuI9Mx4JFpfn5SIDJprD5702du5EowmgGI%3D%2CYRZK8Av1aUEEPRTZpWqrMHNzPsHzYwKQsDWcBTgm4VY%3D%2CKncDSwklOf34sNguxwkY6fMUwKVSZAEzLH4kWqUU66w%3D:0
[11087754ms] [ERROR] Failed to load resource: net::ERR_INTERNET_DISCONNECTED @ https://api.qrserver.com/v1/create-qr-code/?size=256x256&margin=8&data=2%40K%2B2di%2FjAUf193yVDaJhfDeX2WpoDrE4leH5AhZME0hLRocT3vufrVGbDpG%2FA%2BCgKrX9Ea1oFyyNriABDKiWhPYQRWwc5L50n9nc%3D%2CymvliYvGqRuI9Mx4JFpfn5SIDJprD5702du5EowmgGI%3D%2CYRZK8Av1aUEEPRTZpWqrMHNzPsHzYwKQsDWcBTgm4VY%3D%2CKncDSwklOf34sNguxwkY6fMUwKVSZAEzLH4kWqUU66w%3D:0
[11090235ms] [ERROR] Failed to load resource: net::ERR_INTERNET_DISCONNECTED @ https://api.qrserver.com/v1/create-qr-code/?size=256x256&margin=8&data=2%40K%2B2di%2FjAUf193yVDaJhfDeX2WpoDrE4leH5AhZME0hLRocT3vufrVGbDpG%2FA%2BCgKrX9Ea1oFyyNriABDKiWhPYQRWwc5L50n9nc%3D%2CymvliYvGqRuI9Mx4JFpfn5SIDJprD5702du5EowmgGI%3D%2CYRZK8Av1aUEEPRTZpWqrMHNzPsHzYwKQsDWcBTgm4VY%3D%2CKncDSwklOf34sNguxwkY6fMUwKVSZAEzLH4kWqUU66w%3D:0
[11092770ms] [ERROR] Failed to load resource: net::ERR_INTERNET_DISCONNECTED @ https://api.qrserver.com/v1/create-qr-code/?size=256x256&margin=8&data=2%40K%2B2di%2FjAUf193yVDaJhfDeX2WpoDrE4leH5AhZME0hLRocT3vufrVGbDpG%2FA%2BCgKrX9Ea1oFyyNriABDKiWhPYQRWwc5L50n9nc%3D%2CymvliYvGqRuI9Mx4JFpfn5SIDJprD5702du5EowmgGI%3D%2CYRZK8Av1aUEEPRTZpWqrMHNzPsHzYwKQsDWcBTgm4VY%3D%2CKncDSwklOf34sNguxwkY6fMUwKVSZAEzLH4kWqUU66w%3D:0
[11095239ms] [ERROR] Failed to load resource: net::ERR_INTERNET_DISCONNECTED @ https://api.qrserver.com/v1/create-qr-code/?size=256x256&margin=8&data=2%40K%2B2di%2FjAUf193yVDaJhfDeX2WpoDrE4leH5AhZME0hLRocT3vufrVGbDpG%2FA%2BCgKrX9Ea1oFyyNriABDKiWhPYQRWwc5L50n9nc%3D%2CymvliYvGqRuI9Mx4JFpfn5SIDJprD5702du5EowmgGI%3D%2CYRZK8Av1aUEEPRTZpWqrMHNzPsHzYwKQsDWcBTgm4VY%3D%2CKncDSwklOf34sNguxwkY6fMUwKVSZAEzLH4kWqUU66w%3D:0
[11098044ms] [ERROR] Failed to load resource: net::ERR_INTERNET_DISCONNECTED @ https://api.qrserver.com/v1/create-qr-code/?size=256x256&margin=8&data=2%40K%2B2di%2FjAUf193yVDaJhfDeX2WpoDrE4leH5AhZME0hLRocT3vufrVGbDpG%2FA%2BCgKrX9Ea1oFyyNriABDKiWhPYQRWwc5L50n9nc%3D%2CymvliYvGqRuI9Mx4JFpfn5SIDJprD5702du5EowmgGI%3D%2CYRZK8Av1aUEEPRTZpWqrMHNzPsHzYwKQsDWcBTgm4VY%3D%2CKncDSwklOf34sNguxwkY6fMUwKVSZAEzLH4kWqUU66w%3D:0
[11100877ms] [ERROR] Failed to load resource: net::ERR_INTERNET_DISCONNECTED @ https://api.qrserver.com/v1/create-qr-code/?size=256x256&margin=8&data=2%40K%2B2di%2FjAUf193yVDaJhfDeX2WpoDrE4leH5AhZME0hLRocT3vufrVGbDpG%2FA%2BCgKrX9Ea1oFyyNriABDKiWhPYQRWwc5L50n9nc%3D%2CymvliYvGqRuI9Mx4JFpfn5SIDJprD5702du5EowmgGI%3D%2CYRZK8Av1aUEEPRTZpWqrMHNzPsHzYwKQsDWcBTgm4VY%3D%2CKncDSwklOf34sNguxwkY6fMUwKVSZAEzLH4kWqUU66w%3D:0
[11102734ms] [ERROR] Failed to load resource: net::ERR_INTERNET_DISCONNECTED @ https://api.qrserver.com/v1/create-qr-code/?size=256x256&margin=8&data=2%40K%2B2di%2FjAUf193yVDaJhfDeX2WpoDrE4leH5AhZME0hLRocT3vufrVGbDpG%2FA%2BCgKrX9Ea1oFyyNriABDKiWhPYQRWwc5L50n9nc%3D%2CymvliYvGqRuI9Mx4JFpfn5SIDJprD5702du5EowmgGI%3D%2CYRZK8Av1aUEEPRTZpWqrMHNzPsHzYwKQsDWcBTgm4VY%3D%2CKncDSwklOf34sNguxwkY6fMUwKVSZAEzLH4kWqUU66w%3D:0
[11644946ms] [ERROR] Failed to load resource: net::ERR_INTERNET_DISCONNECTED @ https://api.qrserver.com/v1/create-qr-code/?size=256x256&margin=8&data=2%40K%2B2di%2FjAUf193yVDaJhfDeX2WpoDrE4leH5AhZME0hLRocT3vufrVGbDpG%2FA%2BCgKrX9Ea1oFyyNriABDKiWhPYQRWwc5L50n9nc%3D%2CymvliYvGqRuI9Mx4JFpfn5SIDJprD5702du5EowmgGI%3D%2CYRZK8Av1aUEEPRTZpWqrMHNzPsHzYwKQsDWcBTgm4VY%3D%2CKncDSwklOf34sNguxwkY6fMUwKVSZAEzLH4kWqUU66w%3D:0
[11645104ms] [ERROR] Failed to load resource: net::ERR_INTERNET_DISCONNECTED @ https://api.qrserver.com/v1/create-qr-code/?size=256x256&margin=8&data=2%40K%2B2di%2FjAUf193yVDaJhfDeX2WpoDrE4leH5AhZME0hLRocT3vufrVGbDpG%2FA%2BCgKrX9Ea1oFyyNriABDKiWhPYQRWwc5L50n9nc%3D%2CymvliYvGqRuI9Mx4JFpfn5SIDJprD5702du5EowmgGI%3D%2CYRZK8Av1aUEEPRTZpWqrMHNzPsHzYwKQsDWcBTgm4VY%3D%2CKncDSwklOf34sNguxwkY6fMUwKVSZAEzLH4kWqUU66w%3D:0
[11645444ms] [ERROR] Failed to load resource: net::ERR_INTERNET_DISCONNECTED @ https://api.qrserver.com/v1/create-qr-code/?size=256x256&margin=8&data=2%40K%2B2di%2FjAUf193yVDaJhfDeX2WpoDrE4leH5AhZME0hLRocT3vufrVGbDpG%2FA%2BCgKrX9Ea1oFyyNriABDKiWhPYQRWwc5L50n9nc%3D%2CymvliYvGqRuI9Mx4JFpfn5SIDJprD5702du5EowmgGI%3D%2CYRZK8Av1aUEEPRTZpWqrMHNzPsHzYwKQsDWcBTgm4VY%3D%2CKncDSwklOf34sNguxwkY6fMUwKVSZAEzLH4kWqUU66w%3D:0
[11647909ms] [ERROR] Failed to load resource: net::ERR_INTERNET_DISCONNECTED @ https://api.qrserver.com/v1/create-qr-code/?size=256x256&margin=8&data=2%40K%2B2di%2FjAUf193yVDaJhfDeX2WpoDrE4leH5AhZME0hLRocT3vufrVGbDpG%2FA%2BCgKrX9Ea1oFyyNriABDKiWhPYQRWwc5L50n9nc%3D%2CymvliYvGqRuI9Mx4JFpfn5SIDJprD5702du5EowmgGI%3D%2CYRZK8Av1aUEEPRTZpWqrMHNzPsHzYwKQsDWcBTgm4VY%3D%2CKncDSwklOf34sNguxwkY6fMUwKVSZAEzLH4kWqUU66w%3D:0
[11650445ms] [ERROR] Failed to load resource: net::ERR_INTERNET_DISCONNECTED @ https://api.qrserver.com/v1/create-qr-code/?size=256x256&margin=8&data=2%40K%2B2di%2FjAUf193yVDaJhfDeX2WpoDrE4leH5AhZME0hLRocT3vufrVGbDpG%2FA%2BCgKrX9Ea1oFyyNriABDKiWhPYQRWwc5L50n9nc%3D%2CymvliYvGqRuI9Mx4JFpfn5SIDJprD5702du5EowmgGI%3D%2CYRZK8Av1aUEEPRTZpWqrMHNzPsHzYwKQsDWcBTgm4VY%3D%2CKncDSwklOf34sNguxwkY6fMUwKVSZAEzLH4kWqUU66w%3D:0
[11652924ms] [ERROR] Failed to load resource: net::ERR_INTERNET_DISCONNECTED @ https://api.qrserver.com/v1/create-qr-code/?size=256x256&margin=8&data=2%40K%2B2di%2FjAUf193yVDaJhfDeX2WpoDrE4leH5AhZME0hLRocT3vufrVGbDpG%2FA%2BCgKrX9Ea1oFyyNriABDKiWhPYQRWwc5L50n9nc%3D%2CymvliYvGqRuI9Mx4JFpfn5SIDJprD5702du5EowmgGI%3D%2CYRZK8Av1aUEEPRTZpWqrMHNzPsHzYwKQsDWcBTgm4VY%3D%2CKncDSwklOf34sNguxwkY6fMUwKVSZAEzLH4kWqUU66w%3D:0
[11655449ms] [ERROR] Failed to load resource: net::ERR_INTERNET_DISCONNECTED @ https://api.qrserver.com/v1/create-qr-code/?size=256x256&margin=8&data=2%40K%2B2di%2FjAUf193yVDaJhfDeX2WpoDrE4leH5AhZME0hLRocT3vufrVGbDpG%2FA%2BCgKrX9Ea1oFyyNriABDKiWhPYQRWwc5L50n9nc%3D%2CymvliYvGqRuI9Mx4JFpfn5SIDJprD5702du5EowmgGI%3D%2CYRZK8Av1aUEEPRTZpWqrMHNzPsHzYwKQsDWcBTgm4VY%3D%2CKncDSwklOf34sNguxwkY6fMUwKVSZAEzLH4kWqUU66w%3D:0
[23308021ms] [ERROR] Failed to load resource: net::ERR_CONNECTION_TIMED_OUT @ http://localhost:7777/api/chat/poll?user_id=unv5zell2nt&since_id=0:0
[23309394ms] [ERROR] Failed to load resource: net::ERR_CONNECTION_TIMED_OUT @ http://localhost:7777/api/chat/poll?user_id=unv5zell2nt&since_id=0:0
[23315846ms] [ERROR] Failed to load resource: net::ERR_CONNECTION_TIMED_OUT @ http://localhost:7777/api/chat/poll?user_id=unv5zell2nt&since_id=0:0
[23317175ms] [ERROR] Failed to load resource: net::ERR_CONNECTION_TIMED_OUT @ http://localhost:7777/api/whatsapp/status:0
[23323631ms] [ERROR] Failed to load resource: net::ERR_CONNECTION_TIMED_OUT @ http://localhost:7777/api/chat/poll?user_id=unv5zell2nt&since_id=0:0
[23325027ms] [ERROR] Failed to load resource: net::ERR_CONNECTION_TIMED_OUT @ http://localhost:7777/api/chat/poll?user_id=unv5zell2nt&since_id=0:0
[23331404ms] [ERROR] Failed to load resource: net::ERR_CONNECTION_TIMED_OUT @ http://localhost:7777/api/whatsapp/status:0
[23332860ms] [ERROR] Failed to load resource: net::ERR_CONNECTION_TIMED_OUT @ http://localhost:7777/api/chat/poll?user_id=unv5zell2nt&since_id=0:0
[23339184ms] [ERROR] Failed to load resource: net::ERR_CONNECTION_TIMED_OUT @ http://localhost:7777/api/chat/poll?user_id=unv5zell2nt&since_id=0:0
[23340658ms] [ERROR] Failed to load resource: net::ERR_CONNECTION_TIMED_OUT @ http://localhost:7777/api/whatsapp/status:0
[23346962ms] [ERROR] Failed to load resource: net::ERR_CONNECTION_TIMED_OUT @ http://localhost:7777/api/chat/poll?user_id=unv5zell2nt&since_id=0:0
[23348438ms] [ERROR] Failed to load resource: net::ERR_CONNECTION_TIMED_OUT @ http://localhost:7777/api/chat/poll?user_id=unv5zell2nt&since_id=0:0
[38402478ms] [WARNING] An iframe which has both allow-scripts and allow-same-origin for its sandbox attribute can escape its sandboxing. @ about:blank:0
[38402627ms] [VERBOSE] [DOM] Password field is not contained in a form: (More info: https://goo.gl/9p2vKq) @ http://localhost:7777/#agent:0
[38402627ms] [VERBOSE] [DOM] Password field is not contained in a form: (More info: https://goo.gl/9p2vKq) %o @ http://localhost:7777/#agent:0
[38402627ms] [VERBOSE] [DOM] Password field is not contained in a form: (More info: https://goo.gl/9p2vKq) @ http://localhost:7777/#agent:0
[38402627ms] [VERBOSE] [DOM] Password field is not contained in a form: (More info: https://goo.gl/9p2vKq) %o @ http://localhost:7777/#agent:0
[38402627ms] [VERBOSE] [DOM] Password field is not contained in a form: (More info: https://goo.gl/9p2vKq) %o @ http://localhost:7777/#agent:0
[38402627ms] [VERBOSE] [DOM] Password field is not contained in a form: (More info: https://goo.gl/9p2vKq) %o @ http://localhost:7777/#agent:0
[38406136ms] [WARNING] An iframe which has both allow-scripts and allow-same-origin for its sandbox attribute can escape its sandboxing. @ about:blank:0
[38406193ms] [VERBOSE] [DOM] Password field is not contained in a form: (More info: https://goo.gl/9p2vKq) @ http://localhost:7777/#agent:0
[38406193ms] [VERBOSE] [DOM] Password field is not contained in a form: (More info: https://goo.gl/9p2vKq) %o @ http://localhost:7777/#agent:0
[38406193ms] [VERBOSE] [DOM] Password field is not contained in a form: (More info: https://goo.gl/9p2vKq) @ http://localhost:7777/#agent:0
[38406193ms] [VERBOSE] [DOM] Password field is not contained in a form: (More info: https://goo.gl/9p2vKq) %o @ http://localhost:7777/#agent:0
[38406193ms] [VERBOSE] [DOM] Password field is not contained in a form: (More info: https://goo.gl/9p2vKq) %o @ http://localhost:7777/#agent:0
[38406193ms] [VERBOSE] [DOM] Password field is not contained in a form: (More info: https://goo.gl/9p2vKq) %o @ http://localhost:7777/#agent:0
